// Jest Snapshot v1, https://goo.gl/fbAQLP

exports[`Places option list correctly renders with data 1`] = `
<ul
  className="places__options places__options--custom places__options--opened"
>
  <li
    className="places__option places__option--active"
    onClick={[Function]}
    tabIndex="0"
  >
    Popular
  </li>
  <li
    className="places__option false"
    onClick={[Function]}
    tabIndex="0"
  >
    New
  </li>
</ul>
`;
