// Jest Snapshot v1, https://goo.gl/fbAQLP

exports[`Cities list correctly renders with mock cities after relaunch 1`] = `
<ul
  className="locations__list tabs__list"
>
  <li
    className="locations__item"
  >
    <a
      className="locations__item-link tabs__item false"
      href="#"
      onClick={[Function]}
    >
      <span>
        Amsterdam
      </span>
    </a>
  </li>
  <li
    className="locations__item"
  >
    <a
      className="locations__item-link tabs__item tabs__item--active"
      href="#"
      onClick={[Function]}
    >
      <span>
        Moscow
      </span>
    </a>
  </li>
</ul>
`;
