// Jest Snapshot v1, https://goo.gl/fbAQLP

exports[`Map correctly renders with 1 apartment for rent after relaunch 1`] = `
<div
  id="map"
  style={
    Object {
      "height": "100%",
      "width": "100%",
    }
  }
/>
`;
