// Jest Snapshot v1, https://goo.gl/fbAQLP

exports[`Review correctly renders with data 1`] = `
<li
  className="reviews__item"
>
  <div
    className="reviews__user user"
  >
    <div
      className="reviews__avatar-wrapper user__avatar-wrapper"
    >
      <img
        alt="Reviews avatar"
        className="reviews__avatar user__avatar"
        height={54}
        src="/img/apartment-02.jpg"
        width={54}
      />
    </div>
    <span
      className="reviews__user-name"
    >
      Max
    </span>
  </div>
  <div
    className="reviews__info"
  >
    <div
      className="reviews__rating rating"
    >
      <div
        className="reviews__stars rating__stars"
      >
        <span
          style={
            Object {
              "width": "72%",
            }
          }
        />
        <span
          className="visually-hidden"
        >
          Rating
        </span>
      </div>
    </div>
    <p
      className="reviews__text"
    >
      Great place!
    </p>
    <time
      className="reviews__time"
      dateTime="2019-07-12"
    >
      July 2019
    </time>
  </div>
</li>
`;
